
> excel-loja-analysis@0.1.0 build
> tsc && vite build

src/pages/POSDiretos.tsx(6,23): error TS6133: 'CheckCircle2' is declared but its value is never read.
src/pages/POSDiretos.tsx(6,37): error TS6133: 'FilePlus' is declared but its value is never read.
src/pages/POSDiretos.tsx(6,47): error TS6133: 'Gift' is declared but its value is never read.
src/pages/POSDiretos.tsx(6,53): error TS6133: 'Receipt' is declared but its value is never read.
src/pages/POSDiretos.tsx(7,5): error TS6133: 'Percent' is declared but its value is never read.
src/pages/POSDiretos.tsx(7,47): error TS6133: 'Delete' is declared but its value is never read.
src/pages/POSDiretos.tsx(8,5): error TS6133: 'Wallet' is declared but its value is never read.
src/pages/POSDiretos.tsx(8,13): error TS6133: 'Hash' is declared but its value is never read.
src/pages/POSDiretos.tsx(8,19): error TS6133: 'Ticket' is declared but its value is never read.
src/pages/POSDiretos.tsx(20,41): error TS6133: 'cartActualDiscount' is declared but its value is never read.
src/pages/POSDiretos.tsx(21,40): error TS6133: 'appliedVoucher' is declared but its value is never read.
src/pages/POSDiretos.tsx(21,56): error TS6133: 'setAppliedVoucher' is declared but its value is never read.
src/pages/POSDiretos.tsx(41,12): error TS6133: 'checkoutStep' is declared but its value is never read.
src/pages/POSDiretos.tsx(43,12): error TS6133: 'isManualItemModalOpen' is declared but its value is never read.
src/pages/POSDiretos.tsx(43,35): error TS6133: 'setIsManualItemModalOpen' is declared but its value is never read.
src/pages/POSDiretos.tsx(47,12): error TS6133: 'cashReceived' is declared but its value is never read.
src/pages/POSDiretos.tsx(48,17): error TS6133: 'setNif' is declared but its value is never read.
src/pages/POSDiretos.tsx(49,20): error TS6133: 'setIsGift' is declared but its value is never read.
src/pages/POSDiretos.tsx(50,12): error TS6133: 'voucherInput' is declared but its value is never read.
src/pages/POSDiretos.tsx(51,12): error TS6133: 'voucherError' is declared but its value is never read.
src/pages/POSDiretos.tsx(52,23): error TS6133: 'setSaleNotes' is declared but its value is never read.
src/pages/POSDiretos.tsx(53,24): error TS6133: 'setSaleStatus' is declared but its value is never read.
