src/pages/BaseItems.tsx(21,3): error TS6133: 'Calendar' is declared but its value is never read.
src/pages/BaseItems.tsx(22,3): error TS6133: 'Layers' is declared but its value is never read.
