src/components/Loja/ImageZoomModal.tsx(2,41): error TS2792: Cannot find module 'framer-motion'. Did you mean to set the 'moduleResolution' option to 'nodenext', or to add aliases to the 'paths' option?
src/components/Loja/ImageZoomModal.tsx(3,19): error TS2792: Cannot find module 'lucide-react'. Did you mean to set the 'moduleResolution' option to 'nodenext', or to add aliases to the 'paths' option?
src/components/Loja/ImageZoomModal.tsx(12,14): error TS2322: Type '({ isOpen, onClose, imageUrl, productName }: ImageZoomModalProps) => Element' is not assignable to type 'FC<ImageZoomModalProps>'.
  Type 'Element' is not assignable to type 'ReactNode'.
src/components/Loja/ImageZoomModal.tsx(50,13): error TS2339: Property 'div' does not exist on type 'JSX.IntrinsicElements'.
src/components/Loja/ImageZoomModal.tsx(51,15): error TS2339: Property 'div' does not exist on type 'JSX.IntrinsicElements'.
src/components/Loja/ImageZoomModal.tsx(52,17): error TS2339: Property 'h3' does not exist on type 'JSX.IntrinsicElements'.
src/components/Loja/ImageZoomModal.tsx(52,92): error TS2339: Property 'h3' does not exist on type 'JSX.IntrinsicElements'.
src/components/Loja/ImageZoomModal.tsx(53,17): error TS2339: Property 'p' does not exist on type 'JSX.IntrinsicElements'.
src/components/Loja/ImageZoomModal.tsx(53,127): error TS2339: Property 'p' does not exist on type 'JSX.IntrinsicElements'.
src/components/Loja/ImageZoomModal.tsx(54,15): error TS2339: Property 'div' does not exist on type 'JSX.IntrinsicElements'.
src/components/Loja/ImageZoomModal.tsx(55,15): error TS2339: Property 'button' does not exist on type 'JSX.IntrinsicElements'.
src/components/Loja/ImageZoomModal.tsx(60,15): error TS2339: Property 'button' does not exist on type 'JSX.IntrinsicElements'.
src/components/Loja/ImageZoomModal.tsx(61,13): error TS2339: Property 'div' does not exist on type 'JSX.IntrinsicElements'.
src/components/Loja/ImageZoomModal.tsx(64,13): error TS2339: Property 'div' does not exist on type 'JSX.IntrinsicElements'.
src/components/Loja/ImageZoomModal.tsx(71,15): error TS2339: Property 'img' does not exist on type 'JSX.IntrinsicElements'.
src/components/Loja/ImageZoomModal.tsx(78,15): error TS2339: Property 'div' does not exist on type 'JSX.IntrinsicElements'.
src/components/Loja/ImageZoomModal.tsx(87,13): error TS2339: Property 'div' does not exist on type 'JSX.IntrinsicElements'.
src/lib/supabase.ts(1,30): error TS2792: Cannot find module '@supabase/supabase-js'. Did you mean to set the 'moduleResolution' option to 'nodenext', or to add aliases to the 'paths' option?
src/lib/supabase.ts(3,33): error TS2339: Property 'env' does not exist on type 'ImportMeta'.
src/lib/supabase.ts(4,37): error TS2339: Property 'env' does not exist on type 'ImportMeta'.
src/pages/POS.tsx(2,41): error TS2792: Cannot find module 'framer-motion'. Did you mean to set the 'moduleResolution' option to 'nodenext', or to add aliases to the 'paths' option?
src/pages/POS.tsx(3,210): error TS2792: Cannot find module 'lucide-react'. Did you mean to set the 'moduleResolution' option to 'nodenext', or to add aliases to the 'paths' option?
src/pages/POS.tsx(180,13): error TS2339: Property 'div' does not exist on type 'JSX.IntrinsicElements'.
src/pages/POS.tsx(181,17): error TS2339: Property 'div' does not exist on type 'JSX.IntrinsicElements'.
src/pages/POS.tsx(182,21): error TS2339: Property 'div' does not exist on type 'JSX.IntrinsicElements'.
src/pages/POS.tsx(183,25): error TS2339: Property 'div' does not exist on type 'JSX.IntrinsicElements'.
src/pages/POS.tsx(185,29): error TS2339: Property 'input' does not exist on type 'JSX.IntrinsicElements'.
src/pages/POS.tsx(192,25): error TS2339: Property 'div' does not exist on type 'JSX.IntrinsicElements'.
src/pages/POS.tsx(193,25): error TS2339: Property 'div' does not exist on type 'JSX.IntrinsicElements'.
src/pages/POS.tsx(194,29): error TS2339: Property 'div' does not exist on type 'JSX.IntrinsicElements'.
src/pages/POS.tsx(195,33): error TS2339: Property 'button' does not exist on type 'JSX.IntrinsicElements'.
src/pages/POS.tsx(200,33): error TS2339: Property 'button' does not exist on type 'JSX.IntrinsicElements'.
src/pages/POS.tsx(201,33): error TS2339: Property 'button' does not exist on type 'JSX.IntrinsicElements'.
src/pages/POS.tsx(206,33): error TS2339: Property 'button' does not exist on type 'JSX.IntrinsicElements'.
src/pages/POS.tsx(207,29): error TS2339: Property 'div' does not exist on type 'JSX.IntrinsicElements'.
src/pages/POS.tsx(208,29): error TS2339: Property 'button' does not exist on type 'JSX.IntrinsicElements'.
src/pages/POS.tsx(213,33): error TS2339: Property 'span' does not exist on type 'JSX.IntrinsicElements'.
src/pages/POS.tsx(213,55): error TS2339: Property 'span' does not exist on type 'JSX.IntrinsicElements'.
src/pages/POS.tsx(214,29): error TS2339: Property 'button' does not exist on type 'JSX.IntrinsicElements'.
src/pages/POS.tsx(215,25): error TS2339: Property 'div' does not exist on type 'JSX.IntrinsicElements'.
src/pages/POS.tsx(216,21): error TS2339: Property 'div' does not exist on type 'JSX.IntrinsicElements'.
src/pages/POS.tsx(218,21): error TS2339: Property 'div' does not exist on type 'JSX.IntrinsicElements'.
src/pages/POS.tsx(219,25): error TS2339: Property 'button' does not exist on type 'JSX.IntrinsicElements'.
src/pages/POS.tsx(226,25): error TS2339: Property 'button' does not exist on type 'JSX.IntrinsicElements'.
src/pages/POS.tsx(228,29): error TS2339: Property 'button' does not exist on type 'JSX.IntrinsicElements'.
src/pages/POS.tsx(236,29): error TS2339: Property 'button' does not exist on type 'JSX.IntrinsicElements'.
src/pages/POS.tsx(238,21): error TS2339: Property 'div' does not exist on type 'JSX.IntrinsicElements'.
src/pages/POS.tsx(239,17): error TS2339: Property 'div' does not exist on type 'JSX.IntrinsicElements'.
src/pages/POS.tsx(241,17): error TS2339: Property 'div' does not exist on type 'JSX.IntrinsicElements'.
src/pages/POS.tsx(242,21): error TS2339: Property 'div' does not exist on type 'JSX.IntrinsicElements'.
src/pages/POS.tsx(247,29): error TS2339: Property 'button' does not exist on type 'JSX.IntrinsicElements'.
src/pages/POS.tsx(264,41): error TS2339: Property 'div' does not exist on type 'JSX.IntrinsicElements'.
src/pages/POS.tsx(272,49): error TS2339: Property 'img' does not exist on type 'JSX.IntrinsicElements'.
src/pages/POS.tsx(280,41): error TS2339: Property 'div' does not exist on type 'JSX.IntrinsicElements'.
src/pages/POS.tsx(281,41): error TS2339: Property 'div' does not exist on type 'JSX.IntrinsicElements'.
src/pages/POS.tsx(282,45): error TS2339: Property 'div' does not exist on type 'JSX.IntrinsicElements'.
src/pages/POS.tsx(283,49): error TS2339: Property 'span' does not exist on type 'JSX.IntrinsicElements'.
src/pages/POS.tsx(283,151): error TS2339: Property 'span' does not exist on type 'JSX.IntrinsicElements'.
src/pages/POS.tsx(284,49): error TS2339: Property 'span' does not exist on type 'JSX.IntrinsicElements'.
src/pages/POS.tsx(285,53): error TS2339: Property 'span' does not exist on type 'JSX.IntrinsicElements'.
src/pages/POS.tsx(286,53): error TS2339: Property 'span' does not exist on type 'JSX.IntrinsicElements'.
src/pages/POS.tsx(286,164): error TS2339: Property 'span' does not exist on type 'JSX.IntrinsicElements'.
src/pages/POS.tsx(287,49): error TS2339: Property 'span' does not exist on type 'JSX.IntrinsicElements'.
src/pages/POS.tsx(288,45): error TS2339: Property 'div' does not exist on type 'JSX.IntrinsicElements'.
src/pages/POS.tsx(289,45): error TS2339: Property 'span' does not exist on type 'JSX.IntrinsicElements'.
src/pages/POS.tsx(291,45): error TS2339: Property 'span' does not exist on type 'JSX.IntrinsicElements'.
src/pages/POS.tsx(292,45): error TS2339: Property 'div' does not exist on type 'JSX.IntrinsicElements'.
src/pages/POS.tsx(293,49): error TS2339: Property 'span' does not exist on type 'JSX.IntrinsicElements'.
src/pages/POS.tsx(295,49): error TS2339: Property 'span' does not exist on type 'JSX.IntrinsicElements'.
src/pages/POS.tsx(296,45): error TS2339: Property 'div' does not exist on type 'JSX.IntrinsicElements'.
src/pages/POS.tsx(297,41): error TS2339: Property 'div' does not exist on type 'JSX.IntrinsicElements'.
src/pages/POS.tsx(301,41): error TS2339: Property 'div' does not exist on type 'JSX.IntrinsicElements'.
src/pages/POS.tsx(309,49): error TS2339: Property 'img' does not exist on type 'JSX.IntrinsicElements'.
src/pages/POS.tsx(313,41): error TS2339: Property 'div' does not exist on type 'JSX.IntrinsicElements'.
src/pages/POS.tsx(314,41): error TS2339: Property 'div' does not exist on type 'JSX.IntrinsicElements'.
src/pages/POS.tsx(315,45): error TS2339: Property 'div' does not exist on type 'JSX.IntrinsicElements'.
src/pages/POS.tsx(316,49): error TS2339: Property 'span' does not exist on type 'JSX.IntrinsicElements'.
src/pages/POS.tsx(318,49): error TS2339: Property 'span' does not exist on type 'JSX.IntrinsicElements'.
src/pages/POS.tsx(319,49): error TS2339: Property 'span' does not exist on type 'JSX.IntrinsicElements'.
src/pages/POS.tsx(321,49): error TS2339: Property 'span' does not exist on type 'JSX.IntrinsicElements'.
src/pages/POS.tsx(322,45): error TS2339: Property 'div' does not exist on type 'JSX.IntrinsicElements'.
src/pages/POS.tsx(323,45): error TS2339: Property 'h3' does not exist on type 'JSX.IntrinsicElements'.
src/pages/POS.tsx(325,45): error TS2339: Property 'h3' does not exist on type 'JSX.IntrinsicElements'.
src/pages/POS.tsx(326,41): error TS2339: Property 'div' does not exist on type 'JSX.IntrinsicElements'.
src/pages/POS.tsx(327,41): error TS2339: Property 'div' does not exist on type 'JSX.IntrinsicElements'.
src/pages/POS.tsx(328,45): error TS2339: Property 'p' does not exist on type 'JSX.IntrinsicElements'.
src/pages/POS.tsx(330,45): error TS2339: Property 'p' does not exist on type 'JSX.IntrinsicElements'.
src/pages/POS.tsx(331,45): error TS2339: Property 'p' does not exist on type 'JSX.IntrinsicElements'.
src/pages/POS.tsx(333,45): error TS2339: Property 'p' does not exist on type 'JSX.IntrinsicElements'.
src/pages/POS.tsx(334,41): error TS2339: Property 'div' does not exist on type 'JSX.IntrinsicElements'.
src/pages/POS.tsx(337,29): error TS2339: Property 'button' does not exist on type 'JSX.IntrinsicElements'.
src/pages/POS.tsx(341,29): error TS2339: Property 'div' does not exist on type 'JSX.IntrinsicElements'.
src/pages/POS.tsx(343,33): error TS2339: Property 'p' does not exist on type 'JSX.IntrinsicElements'.
src/pages/POS.tsx(343,91): error TS2339: Property 'p' does not exist on type 'JSX.IntrinsicElements'.
src/pages/POS.tsx(344,29): error TS2339: Property 'div' does not exist on type 'JSX.IntrinsicElements'.
src/pages/POS.tsx(346,21): error TS2339: Property 'div' does not exist on type 'JSX.IntrinsicElements'.
src/pages/POS.tsx(347,17): error TS2339: Property 'div' does not exist on type 'JSX.IntrinsicElements'.
src/pages/POS.tsx(348,13): error TS2339: Property 'div' does not exist on type 'JSX.IntrinsicElements'.
src/pages/POS.tsx(357,17): error TS2339: Property 'div' does not exist on type 'JSX.IntrinsicElements'.
src/pages/POS.tsx(358,21): error TS2339: Property 'div' does not exist on type 'JSX.IntrinsicElements'.
src/pages/POS.tsx(359,25): error TS2339: Property 'div' does not exist on type 'JSX.IntrinsicElements'.
src/pages/POS.tsx(362,33): error TS2339: Property 'span' does not exist on type 'JSX.IntrinsicElements'.
src/pages/POS.tsx(364,33): error TS2339: Property 'span' does not exist on type 'JSX.IntrinsicElements'.
src/pages/POS.tsx(366,25): error TS2339: Property 'div' does not exist on type 'JSX.IntrinsicElements'.
src/pages/POS.tsx(367,25): error TS2339: Property 'h2' does not exist on type 'JSX.IntrinsicElements'.
src/pages/POS.tsx(367,130): error TS2339: Property 'h2' does not exist on type 'JSX.IntrinsicElements'.
src/pages/POS.tsx(368,21): error TS2339: Property 'div' does not exist on type 'JSX.IntrinsicElements'.
src/pages/POS.tsx(370,25): error TS2339: Property 'button' does not exist on type 'JSX.IntrinsicElements'.
src/pages/POS.tsx(372,25): error TS2339: Property 'button' does not exist on type 'JSX.IntrinsicElements'.
src/pages/POS.tsx(374,17): error TS2339: Property 'div' does not exist on type 'JSX.IntrinsicElements'.
src/pages/POS.tsx(376,17): error TS2339: Property 'div' does not exist on type 'JSX.IntrinsicElements'.
src/pages/POS.tsx(379,25): error TS2339: Property 'div' does not exist on type 'JSX.IntrinsicElements'.
src/pages/POS.tsx(380,29): error TS2339: Property 'div' does not exist on type 'JSX.IntrinsicElements'.
src/pages/POS.tsx(381,33): error TS2339: Property 'div' does not exist on type 'JSX.IntrinsicElements'.
src/pages/POS.tsx(382,37): error TS2339: Property 'h3' does not exist on type 'JSX.IntrinsicElements'.
src/pages/POS.tsx(382,151): error TS2339: Property 'h3' does not exist on type 'JSX.IntrinsicElements'.
src/pages/POS.tsx(383,37): error TS2339: Property 'p' does not exist on type 'JSX.IntrinsicElements'.
src/pages/POS.tsx(383,118): error TS2339: Property 'p' does not exist on type 'JSX.IntrinsicElements'.
src/pages/POS.tsx(384,33): error TS2339: Property 'div' does not exist on type 'JSX.IntrinsicElements'.
src/pages/POS.tsx(385,33): error TS2339: Property 'button' does not exist on type 'JSX.IntrinsicElements'.
src/pages/POS.tsx(390,33): error TS2339: Property 'button' does not exist on type 'JSX.IntrinsicElements'.
src/pages/POS.tsx(391,29): error TS2339: Property 'div' does not exist on type 'JSX.IntrinsicElements'.
src/pages/POS.tsx(393,29): error TS2339: Property 'div' does not exist on type 'JSX.IntrinsicElements'.
src/pages/POS.tsx(394,33): error TS2339: Property 'div' does not exist on type 'JSX.IntrinsicElements'.
src/pages/POS.tsx(395,37): error TS2339: Property 'p' does not exist on type 'JSX.IntrinsicElements'.
src/pages/POS.tsx(396,41): error TS2339: Property 'span' does not exist on type 'JSX.IntrinsicElements'.
src/pages/POS.tsx(398,37): error TS2339: Property 'p' does not exist on type 'JSX.IntrinsicElements'.
src/pages/POS.tsx(399,37): error TS2339: Property 'div' does not exist on type 'JSX.IntrinsicElements'.
src/pages/POS.tsx(401,45): error TS2339: Property 'button' does not exist on type 'JSX.IntrinsicElements'.
src/pages/POS.tsx(407,53): error TS2339: Property 'img' does not exist on type 'JSX.IntrinsicElements'.
src/pages/POS.tsx(413,53): error TS2339: Property 'div' does not exist on type 'JSX.IntrinsicElements'.
src/pages/POS.tsx(415,53): error TS2339: Property 'div' does not exist on type 'JSX.IntrinsicElements'.
src/pages/POS.tsx(417,49): error TS2339: Property 'span' does not exist on type 'JSX.IntrinsicElements'.
src/pages/POS.tsx(417,186): error TS2339: Property 'span' does not exist on type 'JSX.IntrinsicElements'.
src/pages/POS.tsx(418,45): error TS2339: Property 'button' does not exist on type 'JSX.IntrinsicElements'.
src/pages/POS.tsx(420,37): error TS2339: Property 'div' does not exist on type 'JSX.IntrinsicElements'.
src/pages/POS.tsx(421,33): error TS2339: Property 'div' does not exist on type 'JSX.IntrinsicElements'.
src/pages/POS.tsx(424,37): error TS2339: Property 'div' does not exist on type 'JSX.IntrinsicElements'.
src/pages/POS.tsx(425,41): error TS2339: Property 'p' does not exist on type 'JSX.IntrinsicElements'.
src/pages/POS.tsx(426,45): error TS2339: Property 'span' does not exist on type 'JSX.IntrinsicElements'.
src/pages/POS.tsx(428,41): error TS2339: Property 'p' does not exist on type 'JSX.IntrinsicElements'.
src/pages/POS.tsx(429,41): error TS2339: Property 'div' does not exist on type 'JSX.IntrinsicElements'.
src/pages/POS.tsx(433,53): error TS2339: Property 'button' does not exist on type 'JSX.IntrinsicElements'.
src/pages/POS.tsx(465,57): error TS2339: Property 'span' does not exist on type 'JSX.IntrinsicElements'.
src/pages/POS.tsx(465,180): error TS2339: Property 'span' does not exist on type 'JSX.IntrinsicElements'.
src/pages/POS.tsx(466,57): error TS2339: Property 'span' does not exist on type 'JSX.IntrinsicElements'.
src/pages/POS.tsx(466,167): error TS2339: Property 'span' does not exist on type 'JSX.IntrinsicElements'.
src/pages/POS.tsx(467,53): error TS2339: Property 'button' does not exist on type 'JSX.IntrinsicElements'.
src/pages/POS.tsx(469,41): error TS2339: Property 'div' does not exist on type 'JSX.IntrinsicElements'.
src/pages/POS.tsx(470,37): error TS2339: Property 'div' does not exist on type 'JSX.IntrinsicElements'.
src/pages/POS.tsx(472,29): error TS2339: Property 'div' does not exist on type 'JSX.IntrinsicElements'.
src/pages/POS.tsx(473,25): error TS2339: Property 'div' does not exist on type 'JSX.IntrinsicElements'.
src/pages/POS.tsx(477,29): error TS2339: Property 'div' does not exist on type 'JSX.IntrinsicElements'.
src/pages/POS.tsx(478,33): error TS2339: Property 'div' does not exist on type 'JSX.IntrinsicElements'.
src/pages/POS.tsx(480,37): error TS2339: Property 'span' does not exist on type 'JSX.IntrinsicElements'.
src/pages/POS.tsx(480,142): error TS2339: Property 'span' does not exist on type 'JSX.IntrinsicElements'.
src/pages/POS.tsx(481,33): error TS2339: Property 'div' does not exist on type 'JSX.IntrinsicElements'.
src/pages/POS.tsx(482,33): error TS2339: Property 'div' does not exist on type 'JSX.IntrinsicElements'.
src/pages/POS.tsx(483,37): error TS2339: Property 'input' does not exist on type 'JSX.IntrinsicElements'.
src/pages/POS.tsx(509,53): error TS2339: Property 'button' does not exist on type 'JSX.IntrinsicElements'.
src/pages/POS.tsx(522,57): error TS2339: Property 'div' does not exist on type 'JSX.IntrinsicElements'.
src/pages/POS.tsx(522,136): error TS2339: Property 'div' does not exist on type 'JSX.IntrinsicElements'.
src/pages/POS.tsx(523,57): error TS2339: Property 'div' does not exist on type 'JSX.IntrinsicElements'.
src/pages/POS.tsx(523,155): error TS2339: Property 'div' does not exist on type 'JSX.IntrinsicElements'.
src/pages/POS.tsx(524,53): error TS2339: Property 'button' does not exist on type 'JSX.IntrinsicElements'.
src/pages/POS.tsx(529,33): error TS2339: Property 'div' does not exist on type 'JSX.IntrinsicElements'.
src/pages/POS.tsx(530,29): error TS2339: Property 'div' does not exist on type 'JSX.IntrinsicElements'.
src/pages/POS.tsx(532,29): error TS2339: Property 'div' does not exist on type 'JSX.IntrinsicElements'.
src/pages/POS.tsx(533,33): error TS2339: Property 'div' does not exist on type 'JSX.IntrinsicElements'.
src/pages/POS.tsx(534,37): error TS2339: Property 'div' does not exist on type 'JSX.IntrinsicElements'.
src/pages/POS.tsx(535,41): error TS2339: Property 'div' does not exist on type 'JSX.IntrinsicElements'.
src/pages/POS.tsx(536,41): error TS2339: Property 'span' does not exist on type 'JSX.IntrinsicElements'.
src/pages/POS.tsx(536,139): error TS2339: Property 'span' does not exist on type 'JSX.IntrinsicElements'.
src/pages/POS.tsx(537,37): error TS2339: Property 'div' does not exist on type 'JSX.IntrinsicElements'.
src/pages/POS.tsx(538,37): error TS2339: Property 'button' does not exist on type 'JSX.IntrinsicElements'.
src/pages/POS.tsx(543,37): error TS2339: Property 'button' does not exist on type 'JSX.IntrinsicElements'.
src/pages/POS.tsx(544,33): error TS2339: Property 'div' does not exist on type 'JSX.IntrinsicElements'.
src/pages/POS.tsx(546,33): error TS2339: Property 'div' does not exist on type 'JSX.IntrinsicElements'.
src/pages/POS.tsx(548,41): error TS2339: Property 'div' does not exist on type 'JSX.IntrinsicElements'.
src/pages/POS.tsx(550,45): error TS2339: Property 'span' does not exist on type 'JSX.IntrinsicElements'.
src/pages/POS.tsx(550,136): error TS2339: Property 'span' does not exist on type 'JSX.IntrinsicElements'.
src/pages/POS.tsx(551,41): error TS2339: Property 'div' does not exist on type 'JSX.IntrinsicElements'.
src/pages/POS.tsx(554,45): error TS2339: Property 'div' does not exist on type 'JSX.IntrinsicElements'.
src/pages/POS.tsx(555,49): error TS2339: Property 'div' does not exist on type 'JSX.IntrinsicElements'.
src/pages/POS.tsx(560,57): error TS2339: Property 'img' does not exist on type 'JSX.IntrinsicElements'.
src/pages/POS.tsx(564,49): error TS2339: Property 'div' does not exist on type 'JSX.IntrinsicElements'.
src/pages/POS.tsx(565,49): error TS2339: Property 'div' does not exist on type 'JSX.IntrinsicElements'.
src/pages/POS.tsx(566,53): error TS2339: Property 'div' does not exist on type 'JSX.IntrinsicElements'.
src/pages/POS.tsx(567,57): error TS2339: Property 'p' does not exist on type 'JSX.IntrinsicElements'.
src/pages/POS.tsx(567,176): error TS2339: Property 'p' does not exist on type 'JSX.IntrinsicElements'.
src/pages/POS.tsx(568,57): error TS2339: Property 'button' does not exist on type 'JSX.IntrinsicElements'.
src/pages/POS.tsx(570,57): error TS2339: Property 'button' does not exist on type 'JSX.IntrinsicElements'.
src/pages/POS.tsx(571,53): error TS2339: Property 'div' does not exist on type 'JSX.IntrinsicElements'.
src/pages/POS.tsx(572,53): error TS2339: Property 'div' does not exist on type 'JSX.IntrinsicElements'.
src/pages/POS.tsx(573,57): error TS2339: Property 'div' does not exist on type 'JSX.IntrinsicElements'.
src/pages/POS.tsx(574,61): error TS2339: Property 'span' does not exist on type 'JSX.IntrinsicElements'.
src/pages/POS.tsx(574,188): error TS2339: Property 'span' does not exist on type 'JSX.IntrinsicElements'.
src/pages/POS.tsx(575,61): error TS2339: Property 'span' does not exist on type 'JSX.IntrinsicElements'.
src/pages/POS.tsx(575,143): error TS2339: Property 'span' does not exist on type 'JSX.IntrinsicElements'.
src/pages/POS.tsx(576,57): error TS2339: Property 'div' does not exist on type 'JSX.IntrinsicElements'.
src/pages/POS.tsx(577,57): error TS2339: Property 'span' does not exist on type 'JSX.IntrinsicElements'.
src/pages/POS.tsx(577,308): error TS2339: Property 'span' does not exist on type 'JSX.IntrinsicElements'.
src/pages/POS.tsx(578,53): error TS2339: Property 'div' does not exist on type 'JSX.IntrinsicElements'.
src/pages/POS.tsx(579,49): error TS2339: Property 'div' does not exist on type 'JSX.IntrinsicElements'.
src/pages/POS.tsx(580,45): error TS2339: Property 'div' does not exist on type 'JSX.IntrinsicElements'.
src/pages/POS.tsx(583,33): error TS2339: Property 'div' does not exist on type 'JSX.IntrinsicElements'.
src/pages/POS.tsx(584,29): error TS2339: Property 'div' does not exist on type 'JSX.IntrinsicElements'.
src/pages/POS.tsx(587,17): error TS2339: Property 'div' does not exist on type 'JSX.IntrinsicElements'.
src/pages/POS.tsx(589,17): error TS2339: Property 'div' does not exist on type 'JSX.IntrinsicElements'.
src/pages/POS.tsx(590,21): error TS2339: Property 'div' does not exist on type 'JSX.IntrinsicElements'.
src/pages/POS.tsx(591,25): error TS2339: Property 'div' does not exist on type 'JSX.IntrinsicElements'.
src/pages/POS.tsx(593,29): error TS2339: Property 'span' does not exist on type 'JSX.IntrinsicElements'.
src/pages/POS.tsx(593,117): error TS2339: Property 'span' does not exist on type 'JSX.IntrinsicElements'.
src/pages/POS.tsx(594,25): error TS2339: Property 'div' does not exist on type 'JSX.IntrinsicElements'.
src/pages/POS.tsx(595,25): error TS2339: Property 'select' does not exist on type 'JSX.IntrinsicElements'.
src/pages/POS.tsx(600,29): error TS2339: Property 'option' does not exist on type 'JSX.IntrinsicElements'.
src/pages/POS.tsx(600,68): error TS2339: Property 'option' does not exist on type 'JSX.IntrinsicElements'.
src/pages/POS.tsx(601,29): error TS2339: Property 'option' does not exist on type 'JSX.IntrinsicElements'.
src/pages/POS.tsx(601,74): error TS2339: Property 'option' does not exist on type 'JSX.IntrinsicElements'.
src/pages/POS.tsx(602,29): error TS2339: Property 'option' does not exist on type 'JSX.IntrinsicElements'.
src/pages/POS.tsx(602,67): error TS2339: Property 'option' does not exist on type 'JSX.IntrinsicElements'.
src/pages/POS.tsx(603,29): error TS2339: Property 'option' does not exist on type 'JSX.IntrinsicElements'.
src/pages/POS.tsx(603,62): error TS2339: Property 'option' does not exist on type 'JSX.IntrinsicElements'.
src/pages/POS.tsx(604,29): error TS2339: Property 'option' does not exist on type 'JSX.IntrinsicElements'.
src/pages/POS.tsx(604,67): error TS2339: Property 'option' does not exist on type 'JSX.IntrinsicElements'.
src/pages/POS.tsx(605,25): error TS2339: Property 'select' does not exist on type 'JSX.IntrinsicElements'.
src/pages/POS.tsx(606,21): error TS2339: Property 'div' does not exist on type 'JSX.IntrinsicElements'.
src/pages/POS.tsx(608,21): error TS2339: Property 'div' does not exist on type 'JSX.IntrinsicElements'.
src/pages/POS.tsx(609,25): error TS2339: Property 'span' does not exist on type 'JSX.IntrinsicElements'.
src/pages/POS.tsx(609,139): error TS2339: Property 'span' does not exist on type 'JSX.IntrinsicElements'.
src/pages/POS.tsx(610,25): error TS2339: Property 'span' does not exist on type 'JSX.IntrinsicElements'.
src/pages/POS.tsx(610,128): error TS2339: Property 'span' does not exist on type 'JSX.IntrinsicElements'.
src/pages/POS.tsx(611,21): error TS2339: Property 'div' does not exist on type 'JSX.IntrinsicElements'.
src/pages/POS.tsx(613,21): error TS2339: Property 'button' does not exist on type 'JSX.IntrinsicElements'.
src/pages/POS.tsx(623,21): error TS2339: Property 'button' does not exist on type 'JSX.IntrinsicElements'.
src/pages/POS.tsx(624,17): error TS2339: Property 'div' does not exist on type 'JSX.IntrinsicElements'.
src/pages/POS.tsx(630,21): error TS2339: Property 'div' does not exist on type 'JSX.IntrinsicElements'.
src/pages/POS.tsx(644,29): error TS2339: Property 'div' does not exist on type 'JSX.IntrinsicElements'.
src/pages/POS.tsx(646,37): error TS2339: Property 'div' does not exist on type 'JSX.IntrinsicElements'.
src/pages/POS.tsx(648,29): error TS2339: Property 'div' does not exist on type 'JSX.IntrinsicElements'.
src/pages/POS.tsx(652,37): error TS2339: Property 'div' does not exist on type 'JSX.IntrinsicElements'.
src/pages/POS.tsx(653,41): error TS2339: Property 'div' does not exist on type 'JSX.IntrinsicElements'.
src/pages/POS.tsx(655,41): error TS2339: Property 'div' does not exist on type 'JSX.IntrinsicElements'.
src/pages/POS.tsx(656,41): error TS2339: Property 'h2' does not exist on type 'JSX.IntrinsicElements'.
src/pages/POS.tsx(656,126): error TS2339: Property 'h2' does not exist on type 'JSX.IntrinsicElements'.
src/pages/POS.tsx(657,41): error TS2339: Property 'p' does not exist on type 'JSX.IntrinsicElements'.
src/pages/POS.tsx(657,109): error TS2339: Property 'p' does not exist on type 'JSX.IntrinsicElements'.
src/pages/POS.tsx(658,37): error TS2339: Property 'div' does not exist on type 'JSX.IntrinsicElements'.
src/pages/POS.tsx(659,37): error TS2339: Property 'div' does not exist on type 'JSX.IntrinsicElements'.
src/pages/POS.tsx(660,41): error TS2339: Property 'button' does not exist on type 'JSX.IntrinsicElements'.
src/pages/POS.tsx(664,45): error TS2339: Property 'div' does not exist on type 'JSX.IntrinsicElements'.
src/pages/POS.tsx(666,45): error TS2339: Property 'div' does not exist on type 'JSX.IntrinsicElements'.
src/pages/POS.tsx(667,45): error TS2339: Property 'div' does not exist on type 'JSX.IntrinsicElements'.
src/pages/POS.tsx(668,49): error TS2339: Property 'span' does not exist on type 'JSX.IntrinsicElements'.
src/pages/POS.tsx(668,148): error TS2339: Property 'span' does not exist on type 'JSX.IntrinsicElements'.
src/pages/POS.tsx(669,49): error TS2339: Property 'span' does not exist on type 'JSX.IntrinsicElements'.
src/pages/POS.tsx(669,125): error TS2339: Property 'span' does not exist on type 'JSX.IntrinsicElements'.
src/pages/POS.tsx(670,45): error TS2339: Property 'div' does not exist on type 'JSX.IntrinsicElements'.
src/pages/POS.tsx(671,41): error TS2339: Property 'button' does not exist on type 'JSX.IntrinsicElements'.
src/pages/POS.tsx(672,41): error TS2339: Property 'button' does not exist on type 'JSX.IntrinsicElements'.
src/pages/POS.tsx(676,45): error TS2339: Property 'div' does not exist on type 'JSX.IntrinsicElements'.
src/pages/POS.tsx(678,45): error TS2339: Property 'div' does not exist on type 'JSX.IntrinsicElements'.
src/pages/POS.tsx(679,45): error TS2339: Property 'div' does not exist on type 'JSX.IntrinsicElements'.
src/pages/POS.tsx(680,49): error TS2339: Property 'span' does not exist on type 'JSX.IntrinsicElements'.
src/pages/POS.tsx(680,146): error TS2339: Property 'span' does not exist on type 'JSX.IntrinsicElements'.
src/pages/POS.tsx(681,49): error TS2339: Property 'span' does not exist on type 'JSX.IntrinsicElements'.
src/pages/POS.tsx(681,125): error TS2339: Property 'span' does not exist on type 'JSX.IntrinsicElements'.
src/pages/POS.tsx(682,45): error TS2339: Property 'div' does not exist on type 'JSX.IntrinsicElements'.
src/pages/POS.tsx(683,41): error TS2339: Property 'button' does not exist on type 'JSX.IntrinsicElements'.
src/pages/POS.tsx(684,37): error TS2339: Property 'div' does not exist on type 'JSX.IntrinsicElements'.
src/pages/POS.tsx(690,37): error TS2339: Property 'div' does not exist on type 'JSX.IntrinsicElements'.
src/pages/POS.tsx(691,41): error TS2339: Property 'h2' does not exist on type 'JSX.IntrinsicElements'.
src/pages/POS.tsx(691,137): error TS2339: Property 'h2' does not exist on type 'JSX.IntrinsicElements'.
src/pages/POS.tsx(692,41): error TS2339: Property 'p' does not exist on type 'JSX.IntrinsicElements'.
src/pages/POS.tsx(692,110): error TS2339: Property 'p' does not exist on type 'JSX.IntrinsicElements'.
src/pages/POS.tsx(693,37): error TS2339: Property 'div' does not exist on type 'JSX.IntrinsicElements'.
src/pages/POS.tsx(694,37): error TS2339: Property 'div' does not exist on type 'JSX.IntrinsicElements'.
src/pages/POS.tsx(695,41): error TS2339: Property 'div' does not exist on type 'JSX.IntrinsicElements'.
src/pages/POS.tsx(696,45): error TS2339: Property 'label' does not exist on type 'JSX.IntrinsicElements'.
src/pages/POS.tsx(696,147): error TS2339: Property 'label' does not exist on type 'JSX.IntrinsicElements'.
src/pages/POS.tsx(697,45): error TS2339: Property 'input' does not exist on type 'JSX.IntrinsicElements'.
src/pages/POS.tsx(704,41): error TS2339: Property 'div' does not exist on type 'JSX.IntrinsicElements'.
src/pages/POS.tsx(706,41): error TS2339: Property 'div' does not exist on type 'JSX.IntrinsicElements'.
src/pages/POS.tsx(707,45): error TS2339: Property 'label' does not exist on type 'JSX.IntrinsicElements'.
src/pages/POS.tsx(707,147): error TS2339: Property 'label' does not exist on type 'JSX.IntrinsicElements'.
src/pages/POS.tsx(708,45): error TS2339: Property 'textarea' does not exist on type 'JSX.IntrinsicElements'.
src/pages/POS.tsx(714,41): error TS2339: Property 'div' does not exist on type 'JSX.IntrinsicElements'.
src/pages/POS.tsx(716,41): error TS2339: Property 'button' does not exist on type 'JSX.IntrinsicElements'.
src/pages/POS.tsx(720,45): error TS2339: Property 'div' does not exist on type 'JSX.IntrinsicElements'.
src/pages/POS.tsx(721,49): error TS2339: Property 'div' does not exist on type 'JSX.IntrinsicElements'.
src/pages/POS.tsx(723,49): error TS2339: Property 'div' does not exist on type 'JSX.IntrinsicElements'.
src/pages/POS.tsx(724,49): error TS2339: Property 'span' does not exist on type 'JSX.IntrinsicElements'.
src/pages/POS.tsx(724,139): error TS2339: Property 'span' does not exist on type 'JSX.IntrinsicElements'.
src/pages/POS.tsx(725,45): error TS2339: Property 'div' does not exist on type 'JSX.IntrinsicElements'.
src/pages/POS.tsx(726,45): error TS2339: Property 'div' does not exist on type 'JSX.IntrinsicElements'.
src/pages/POS.tsx(728,45): error TS2339: Property 'div' does not exist on type 'JSX.IntrinsicElements'.
src/pages/POS.tsx(729,41): error TS2339: Property 'button' does not exist on type 'JSX.IntrinsicElements'.
src/pages/POS.tsx(730,37): error TS2339: Property 'div' does not exist on type 'JSX.IntrinsicElements'.
src/pages/POS.tsx(731,37): error TS2339: Property 'div' does not exist on type 'JSX.IntrinsicElements'.
src/pages/POS.tsx(732,41): error TS2339: Property 'button' does not exist on type 'JSX.IntrinsicElements'.
src/pages/POS.tsx(732,273): error TS2339: Property 'button' does not exist on type 'JSX.IntrinsicElements'.
src/pages/POS.tsx(733,41): error TS2339: Property 'button' does not exist on type 'JSX.IntrinsicElements'.
src/pages/POS.tsx(733,280): error TS2339: Property 'button' does not exist on type 'JSX.IntrinsicElements'.
src/pages/POS.tsx(734,37): error TS2339: Property 'div' does not exist on type 'JSX.IntrinsicElements'.
src/pages/POS.tsx(740,37): error TS2339: Property 'div' does not exist on type 'JSX.IntrinsicElements'.
src/pages/POS.tsx(741,41): error TS2339: Property 'h2' does not exist on type 'JSX.IntrinsicElements'.
src/pages/POS.tsx(741,127): error TS2339: Property 'h2' does not exist on type 'JSX.IntrinsicElements'.
src/pages/POS.tsx(742,41): error TS2339: Property 'div' does not exist on type 'JSX.IntrinsicElements'.
src/pages/POS.tsx(743,45): error TS2339: Property 'span' does not exist on type 'JSX.IntrinsicElements'.
src/pages/POS.tsx(743,155): error TS2339: Property 'span' does not exist on type 'JSX.IntrinsicElements'.
src/pages/POS.tsx(744,45): error TS2339: Property 'span' does not exist on type 'JSX.IntrinsicElements'.
src/pages/POS.tsx(744,123): error TS2339: Property 'span' does not exist on type 'JSX.IntrinsicElements'.
src/pages/POS.tsx(745,41): error TS2339: Property 'div' does not exist on type 'JSX.IntrinsicElements'.
src/pages/POS.tsx(746,37): error TS2339: Property 'div' does not exist on type 'JSX.IntrinsicElements'.
src/pages/POS.tsx(748,37): error TS2339: Property 'div' does not exist on type 'JSX.IntrinsicElements'.
src/pages/POS.tsx(755,45): error TS2339: Property 'button' does not exist on type 'JSX.IntrinsicElements'.
src/pages/POS.tsx(761,49): error TS2339: Property 'span' does not exist on type 'JSX.IntrinsicElements'.
src/pages/POS.tsx(761,208): error TS2339: Property 'span' does not exist on type 'JSX.IntrinsicElements'.
src/pages/POS.tsx(762,45): error TS2339: Property 'button' does not exist on type 'JSX.IntrinsicElements'.
src/pages/POS.tsx(764,37): error TS2339: Property 'div' does not exist on type 'JSX.IntrinsicElements'.
src/pages/POS.tsx(768,45): error TS2339: Property 'div' does not exist on type 'JSX.IntrinsicElements'.
src/pages/POS.tsx(770,49): error TS2339: Property 'input' does not exist on type 'JSX.IntrinsicElements'.
src/pages/POS.tsx(777,45): error TS2339: Property 'div' does not exist on type 'JSX.IntrinsicElements'.
src/pages/POS.tsx(779,49): error TS2339: Property 'div' does not exist on type 'JSX.IntrinsicElements'.
src/pages/POS.tsx(780,53): error TS2339: Property 'span' does not exist on type 'JSX.IntrinsicElements'.
src/pages/POS.tsx(780,140): error TS2339: Property 'span' does not exist on type 'JSX.IntrinsicElements'.
src/pages/POS.tsx(781,53): error TS2339: Property 'span' does not exist on type 'JSX.IntrinsicElements'.
src/pages/POS.tsx(781,161): error TS2339: Property 'span' does not exist on type 'JSX.IntrinsicElements'.
src/pages/POS.tsx(782,49): error TS2339: Property 'div' does not exist on type 'JSX.IntrinsicElements'.
src/pages/POS.tsx(787,37): error TS2339: Property 'div' does not exist on type 'JSX.IntrinsicElements'.
src/pages/POS.tsx(788,41): error TS2339: Property 'button' does not exist on type 'JSX.IntrinsicElements'.
src/pages/POS.tsx(788,256): error TS2339: Property 'button' does not exist on type 'JSX.IntrinsicElements'.
src/pages/POS.tsx(789,41): error TS2339: Property 'button' does not exist on type 'JSX.IntrinsicElements'.
src/pages/POS.tsx(796,41): error TS2339: Property 'button' does not exist on type 'JSX.IntrinsicElements'.
src/pages/POS.tsx(797,37): error TS2339: Property 'div' does not exist on type 'JSX.IntrinsicElements'.
src/pages/POS.tsx(801,21): error TS2339: Property 'div' does not exist on type 'JSX.IntrinsicElements'.
src/pages/POS.tsx(808,21): error TS2339: Property 'div' does not exist on type 'JSX.IntrinsicElements'.
src/pages/POS.tsx(811,29): error TS2339: Property 'div' does not exist on type 'JSX.IntrinsicElements'.
src/pages/POS.tsx(812,33): error TS2339: Property 'div' does not exist on type 'JSX.IntrinsicElements'.
src/pages/POS.tsx(813,37): error TS2339: Property 'div' does not exist on type 'JSX.IntrinsicElements'.
src/pages/POS.tsx(813,168): error TS2339: Property 'div' does not exist on type 'JSX.IntrinsicElements'.
src/pages/POS.tsx(814,37): error TS2339: Property 'div' does not exist on type 'JSX.IntrinsicElements'.
src/pages/POS.tsx(814,42): error TS2339: Property 'h2' does not exist on type 'JSX.IntrinsicElements'.
src/pages/POS.tsx(814,129): error TS2339: Property 'h2' does not exist on type 'JSX.IntrinsicElements'.
src/pages/POS.tsx(814,134): error TS2339: Property 'p' does not exist on type 'JSX.IntrinsicElements'.
src/pages/POS.tsx(814,213): error TS2339: Property 'p' does not exist on type 'JSX.IntrinsicElements'.
src/pages/POS.tsx(814,217): error TS2339: Property 'div' does not exist on type 'JSX.IntrinsicElements'.
src/pages/POS.tsx(815,33): error TS2339: Property 'div' does not exist on type 'JSX.IntrinsicElements'.
src/pages/POS.tsx(816,33): error TS2339: Property 'button' does not exist on type 'JSX.IntrinsicElements'.
src/pages/POS.tsx(816,193): error TS2339: Property 'button' does not exist on type 'JSX.IntrinsicElements'.
src/pages/POS.tsx(817,29): error TS2339: Property 'div' does not exist on type 'JSX.IntrinsicElements'.
src/pages/POS.tsx(818,29): error TS2339: Property 'div' does not exist on type 'JSX.IntrinsicElements'.
src/pages/POS.tsx(819,33): error TS2339: Property 'div' does not exist on type 'JSX.IntrinsicElements'.
src/pages/POS.tsx(820,37): error TS2339: Property 'label' does not exist on type 'JSX.IntrinsicElements'.
src/pages/POS.tsx(820,137): error TS2339: Property 'label' does not exist on type 'JSX.IntrinsicElements'.
src/pages/POS.tsx(821,37): error TS2339: Property 'input' does not exist on type 'JSX.IntrinsicElements'.
src/pages/POS.tsx(822,33): error TS2339: Property 'div' does not exist on type 'JSX.IntrinsicElements'.
src/pages/POS.tsx(823,33): error TS2339: Property 'div' does not exist on type 'JSX.IntrinsicElements'.
src/pages/POS.tsx(824,37): error TS2339: Property 'div' does not exist on type 'JSX.IntrinsicElements'.
src/pages/POS.tsx(824,66): error TS2339: Property 'label' does not exist on type 'JSX.IntrinsicElements'.
src/pages/POS.tsx(824,157): error TS2339: Property 'label' does not exist on type 'JSX.IntrinsicElements'.
src/pages/POS.tsx(824,165): error TS2339: Property 'input' does not exist on type 'JSX.IntrinsicElements'.
src/pages/POS.tsx(824,426): error TS2339: Property 'div' does not exist on type 'JSX.IntrinsicElements'.
src/pages/POS.tsx(825,37): error TS2339: Property 'div' does not exist on type 'JSX.IntrinsicElements'.
src/pages/POS.tsx(825,66): error TS2339: Property 'label' does not exist on type 'JSX.IntrinsicElements'.
src/pages/POS.tsx(825,163): error TS2339: Property 'label' does not exist on type 'JSX.IntrinsicElements'.
src/pages/POS.tsx(825,171): error TS2339: Property 'input' does not exist on type 'JSX.IntrinsicElements'.
src/pages/POS.tsx(825,472): error TS2339: Property 'div' does not exist on type 'JSX.IntrinsicElements'.
src/pages/POS.tsx(826,33): error TS2339: Property 'div' does not exist on type 'JSX.IntrinsicElements'.
src/pages/POS.tsx(827,33): error TS2339: Property 'div' does not exist on type 'JSX.IntrinsicElements'.
src/pages/POS.tsx(828,37): error TS2339: Property 'div' does not exist on type 'JSX.IntrinsicElements'.
src/pages/POS.tsx(829,41): error TS2339: Property 'label' does not exist on type 'JSX.IntrinsicElements'.
src/pages/POS.tsx(829,147): error TS2339: Property 'label' does not exist on type 'JSX.IntrinsicElements'.
src/pages/POS.tsx(830,41): error TS2339: Property 'div' does not exist on type 'JSX.IntrinsicElements'.
src/pages/POS.tsx(830,157): error TS2339: Property 'input' does not exist on type 'JSX.IntrinsicElements'.
src/pages/POS.tsx(830,440): error TS2339: Property 'div' does not exist on type 'JSX.IntrinsicElements'.
src/pages/POS.tsx(831,37): error TS2339: Property 'div' does not exist on type 'JSX.IntrinsicElements'.
src/pages/POS.tsx(832,37): error TS2339: Property 'div' does not exist on type 'JSX.IntrinsicElements'.
src/pages/POS.tsx(833,41): error TS2339: Property 'label' does not exist on type 'JSX.IntrinsicElements'.
src/pages/POS.tsx(833,138): error TS2339: Property 'label' does not exist on type 'JSX.IntrinsicElements'.
src/pages/POS.tsx(834,41): error TS2339: Property 'input' does not exist on type 'JSX.IntrinsicElements'.
src/pages/POS.tsx(835,37): error TS2339: Property 'div' does not exist on type 'JSX.IntrinsicElements'.
src/pages/POS.tsx(836,33): error TS2339: Property 'div' does not exist on type 'JSX.IntrinsicElements'.
src/pages/POS.tsx(837,33): error TS2339: Property 'div' does not exist on type 'JSX.IntrinsicElements'.
src/pages/POS.tsx(838,37): error TS2339: Property 'input' does not exist on type 'JSX.IntrinsicElements'.
src/pages/POS.tsx(839,37): error TS2339: Property 'label' does not exist on type 'JSX.IntrinsicElements'.
src/pages/POS.tsx(839,193): error TS2339: Property 'label' does not exist on type 'JSX.IntrinsicElements'.
src/pages/POS.tsx(840,33): error TS2339: Property 'div' does not exist on type 'JSX.IntrinsicElements'.
src/pages/POS.tsx(841,33): error TS2339: Property 'button' does not exist on type 'JSX.IntrinsicElements'.
src/pages/POS.tsx(845,64): error TS2353: Object literal may only specify known properties, and 'name' does not exist in type 'ProductCatalogItem'.
src/pages/POS.tsx(854,33): error TS2339: Property 'button' does not exist on type 'JSX.IntrinsicElements'.
src/pages/POS.tsx(855,29): error TS2339: Property 'div' does not exist on type 'JSX.IntrinsicElements'.
src/pages/POS.tsx(857,21): error TS2339: Property 'div' does not exist on type 'JSX.IntrinsicElements'.
src/pages/POS.tsx(864,21): error TS2339: Property 'div' does not exist on type 'JSX.IntrinsicElements'.
src/pages/POS.tsx(867,29): error TS2339: Property 'div' does not exist on type 'JSX.IntrinsicElements'.
src/pages/POS.tsx(868,33): error TS2339: Property 'div' does not exist on type 'JSX.IntrinsicElements'.
src/pages/POS.tsx(869,37): error TS2339: Property 'div' does not exist on type 'JSX.IntrinsicElements'.
src/pages/POS.tsx(869,187): error TS2339: Property 'div' does not exist on type 'JSX.IntrinsicElements'.
src/pages/POS.tsx(870,37): error TS2339: Property 'h2' does not exist on type 'JSX.IntrinsicElements'.
src/pages/POS.tsx(870,155): error TS2339: Property 'h2' does not exist on type 'JSX.IntrinsicElements'.
src/pages/POS.tsx(871,33): error TS2339: Property 'div' does not exist on type 'JSX.IntrinsicElements'.
src/pages/POS.tsx(872,33): error TS2339: Property 'button' does not exist on type 'JSX.IntrinsicElements'.
src/pages/POS.tsx(872,222): error TS2339: Property 'button' does not exist on type 'JSX.IntrinsicElements'.
src/pages/POS.tsx(873,29): error TS2339: Property 'div' does not exist on type 'JSX.IntrinsicElements'.
src/pages/POS.tsx(874,29): error TS2339: Property 'div' does not exist on type 'JSX.IntrinsicElements'.
src/pages/POS.tsx(875,33): error TS2339: Property 'div' does not exist on type 'JSX.IntrinsicElements'.
src/pages/POS.tsx(876,37): error TS2339: Property 'p' does not exist on type 'JSX.IntrinsicElements'.
src/pages/POS.tsx(876,125): error TS2339: Property 'p' does not exist on type 'JSX.IntrinsicElements'.
src/pages/POS.tsx(877,37): error TS2339: Property 'p' does not exist on type 'JSX.IntrinsicElements'.
src/pages/POS.tsx(877,149): error TS2339: Property 'p' does not exist on type 'JSX.IntrinsicElements'.
src/pages/POS.tsx(878,33): error TS2339: Property 'div' does not exist on type 'JSX.IntrinsicElements'.
src/pages/POS.tsx(879,33): error TS2339: Property 'div' does not exist on type 'JSX.IntrinsicElements'.
src/pages/POS.tsx(880,37): error TS2339: Property 'div' does not exist on type 'JSX.IntrinsicElements'.
src/pages/POS.tsx(881,41): error TS2339: Property 'label' does not exist on type 'JSX.IntrinsicElements'.
src/pages/POS.tsx(881,201): error TS2339: Property 'label' does not exist on type 'JSX.IntrinsicElements'.
src/pages/POS.tsx(882,41): error TS2339: Property 'input' does not exist on type 'JSX.IntrinsicElements'.
src/pages/POS.tsx(883,37): error TS2339: Property 'div' does not exist on type 'JSX.IntrinsicElements'.
src/pages/POS.tsx(884,37): error TS2339: Property 'div' does not exist on type 'JSX.IntrinsicElements'.
src/pages/POS.tsx(885,41): error TS2339: Property 'label' does not exist on type 'JSX.IntrinsicElements'.
src/pages/POS.tsx(885,200): error TS2339: Property 'label' does not exist on type 'JSX.IntrinsicElements'.
src/pages/POS.tsx(886,41): error TS2339: Property 'input' does not exist on type 'JSX.IntrinsicElements'.
src/pages/POS.tsx(887,37): error TS2339: Property 'div' does not exist on type 'JSX.IntrinsicElements'.
src/pages/POS.tsx(888,33): error TS2339: Property 'div' does not exist on type 'JSX.IntrinsicElements'.
src/pages/POS.tsx(889,33): error TS2339: Property 'div' does not exist on type 'JSX.IntrinsicElements'.
src/pages/POS.tsx(890,37): error TS2339: Property 'div' does not exist on type 'JSX.IntrinsicElements'.
src/pages/POS.tsx(891,41): error TS2339: Property 'p' does not exist on type 'JSX.IntrinsicElements'.
src/pages/POS.tsx(891,135): error TS2339: Property 'p' does not exist on type 'JSX.IntrinsicElements'.
src/pages/POS.tsx(892,41): error TS2339: Property 'p' does not exist on type 'JSX.IntrinsicElements'.
src/pages/POS.tsx(892,563): error TS2339: Property 'p' does not exist on type 'JSX.IntrinsicElements'.
src/pages/POS.tsx(893,37): error TS2339: Property 'div' does not exist on type 'JSX.IntrinsicElements'.
src/pages/POS.tsx(894,37): error TS2339: Property 'button' does not exist on type 'JSX.IntrinsicElements'.
src/pages/POS.tsx(894,281): error TS2339: Property 'button' does not exist on type 'JSX.IntrinsicElements'.
src/pages/POS.tsx(895,33): error TS2339: Property 'div' does not exist on type 'JSX.IntrinsicElements'.
src/pages/POS.tsx(896,29): error TS2339: Property 'div' does not exist on type 'JSX.IntrinsicElements'.
src/pages/POS.tsx(898,21): error TS2339: Property 'div' does not exist on type 'JSX.IntrinsicElements'.
